// Jest Snapshot v1, https://goo.gl/fbAQLP

exports[`minify 1`] = `"div{display:-ms-grid;display:grid}"`;
