// Jest Snapshot v1, https://goo.gl/fbAQLP

exports[`bundle with svelte 1`] = `
"import { SvelteComponent, init, safe_not_equal, element, append, attr, insert, noop, detach } from 'svelte/internal';

/* generated by Svelte v3.29.7 */

function add_css() {
	var style = element(\\"style\\");
	style.id = \\"svelte-17agfn1-style\\";
	style.textContent = \\".text.svelte-17agfn1{color:red}\\";
	append(document.head, style);
}

function create_fragment(ctx) {
	let span;

	return {
		c() {
			span = element(\\"span\\");
			span.textContent = \`\${x}\`;
			attr(span, \\"class\\", \\"text svelte-17agfn1\\");
		},
		m(target, anchor) {
			insert(target, span, anchor);
		},
		p: noop,
		i: noop,
		o: noop,
		d(detaching) {
			if (detaching) detach(span);
		}
	};
}

let x = 1;

class Component extends SvelteComponent {
	constructor(options) {
		super();
		if (!document.getElementById(\\"svelte-17agfn1-style\\")) add_css();
		init(this, options, null, create_fragment, safe_not_equal, {});
	}
}

new Component({ target: document.body });
"
`;
