// Jest Snapshot v1, https://goo.gl/fbAQLP

exports[`build 1`] = `
Object {
  "code": "var foo = 1;
var foo$1 = {
	foo: foo
};

var bar = 1;
var bar$1 = {
	bar: bar
};

console.log('hello', foo$1, bar$1);
",
  "dynamicImports": Array [],
  "exports": Array [],
  "facadeModuleId": "/index.tsx",
  "fileName": "index.js",
  "implicitlyLoadedBefore": Array [],
  "importedBindings": Object {},
  "imports": Array [],
  "isDynamicEntry": false,
  "isEntry": true,
  "isImplicitEntry": false,
  "map": null,
  "modules": Object {
    "/bar.json": Object {
      "originalLength": 12,
      "removedExports": Array [],
      "renderedExports": Array [
        "bar",
        "default",
      ],
      "renderedLength": 39,
    },
    "/foo.json": Object {
      "originalLength": 12,
      "removedExports": Array [],
      "renderedExports": Array [
        "foo",
        "default",
      ],
      "renderedLength": 39,
    },
    "/index.tsx": Object {
      "originalLength": 84,
      "removedExports": Array [],
      "renderedExports": Array [],
      "renderedLength": 35,
    },
  },
  "name": "index",
  "referencedFiles": Array [],
  "type": "chunk",
}
`;
