// Jest Snapshot v1, https://goo.gl/fbAQLP

exports[`build 1`] = `
Object {
  "code": "console.log(1);
",
  "dynamicImports": Array [],
  "exports": Array [],
  "facadeModuleId": "/index.tsx",
  "fileName": "index.js",
  "implicitlyLoadedBefore": Array [],
  "importedBindings": Object {},
  "imports": Array [],
  "isDynamicEntry": false,
  "isEntry": true,
  "isImplicitEntry": false,
  "map": null,
  "modules": Object {
    "/index.tsx": Object {
      "originalLength": 57,
      "removedExports": Array [],
      "renderedExports": Array [],
      "renderedLength": 15,
    },
  },
  "name": "index",
  "referencedFiles": Array [],
  "type": "chunk",
}
`;
